!*******************************************************************************************
! SVN map files format
! <type>@<id>=SVN,<tag>[:revision],<svnRepositoryURL>,<preTagPath>,<postTagPath>
!*******************************************************************************************
!***************  SVN PDE BUILD CONTRIBUTION FOR MDHT  ********************************************** 

!***************  XML Modeling Feature FEATURE  ********************************************** 
feature@net.sourceforge.xmlmodeling.uml.xsd=SVN,trunk,https://xmlmodeling.svn.sourceforge.net/svnroot/xmlmodeling,,features/net.sourceforge.xmlmodeling.uml.xsd-feature,force

plugin@net.sourceforge.xmlmodeling.uml.xsd.profile=SVN,trunk,https://xmlmodeling.svn.sourceforge.net/svnroot/xmlmodeling,,plugins/net.sourceforge.xmlmodeling.uml.xsd.profile,force


!***************  OHT UML FEATURE  ********************************************** 
feature@org.openhealthtools.mdht.uml=SVN,trunk,https://www.projects.openhealthtools.org/svn/mdht,,core/features/org.openhealthtools.mdht.uml-feature,force

plugin@org.openhealthtools.mdht.uml.common=SVN,trunk,https://www.projects.openhealthtools.org/svn/mdht,,core/plugins/org.openhealthtools.mdht.uml.common,force

plugin@org.openhealthtools.mdht.uml.common.ui=SVN,trunk,https://www.projects.openhealthtools.org/svn/mdht,,core/plugins/org.openhealthtools.mdht.uml.common.ui,force

plugin@org.openhealthtools.mdht.uml.ui.navigator=SVN,trunk,https://www.projects.openhealthtools.org/svn/mdht,,core/plugins/org.openhealthtools.mdht.uml.ui.navigator,force

plugin@org.openhealthtools.mdht.uml.ui.properties=SVN,trunk,https://www.projects.openhealthtools.org/svn/mdht,,core/plugins/org.openhealthtools.mdht.uml.ui.properties,force

plugin@org.openhealthtools.mdht.uml.ui=SVN,trunk,https://www.projects.openhealthtools.org/svn/mdht,,core/plugins/org.openhealthtools.mdht.uml.ui,force

plugin@org.openhealthtools.mdht.uml.edit=SVN,trunk,https://www.projects.openhealthtools.org/svn/mdht,,core/plugins/org.openhealthtools.mdht.uml.edit,force


!***************  MDHT Feature for CDA Documentations  ********************************************** 
feature@org.openhealthtools.mdht.uml.cda.models.doc=SVN,trunk,https://www.projects.openhealthtools.org/svn/mdht,,cda/features/org.openhealthtools.mdht.uml.cda.models.doc-feature,force

plugin@org.openhealthtools.mdht.cda.doc.user=SVN,trunk,https://www.projects.openhealthtools.org/svn/mdht,,cda/doc/org.openhealthtools.mdht.cda.doc.user,force

plugin@org.openhealthtools.mdht.uml.cda.cdt.doc=SVN,trunk,https://www.projects.openhealthtools.org/svn/mdht,,cda/doc/org.openhealthtools.mdht.uml.cda.cdt.doc,force

plugin@org.openhealthtools.mdht.uml.cda.cdt.progress.doc=SVN,trunk,https://www.projects.openhealthtools.org/svn/mdht,,cda/doc/org.openhealthtools.mdht.uml.cda.cdt.progress.doc,force

plugin@org.openhealthtools.mdht.uml.cda.ccd.doc=SVN,trunk,https://www.projects.openhealthtools.org/svn/mdht,,cda/doc/org.openhealthtools.mdht.uml.cda.ccd.doc,force

plugin@org.openhealthtools.mdht.uml.cda.hitsp.doc=SVN,trunk,https://www.projects.openhealthtools.org/svn/mdht,,cda/doc/org.openhealthtools.mdht.uml.cda.hitsp.doc,force

plugin@org.openhealthtools.mdht.uml.cda.ihe.doc=SVN,trunk,https://www.projects.openhealthtools.org/svn/mdht,,cda/doc/org.openhealthtools.mdht.uml.cda.ihe.doc,force

!***************  MDHT Feature for CDA Runtime for Application Development  ********************************************** 
feature@org.openhealthtools.mdht.uml.cda.models=SVN,trunk,https://www.projects.openhealthtools.org/svn/mdht,,cda/features/org.openhealthtools.mdht.uml.cda.models-feature,force

plugin@org.openhealthtools.mdht.uml.cda=SVN,trunk,https://www.projects.openhealthtools.org/svn/mdht,,cda/plugins/org.openhealthtools.mdht.uml.cda,force

plugin@org.openhealthtools.mdht.uml.cda.cdt=SVN,trunk,https://www.projects.openhealthtools.org/svn/mdht,,cda/plugins/org.openhealthtools.mdht.uml.cda.cdt,force

plugin@org.openhealthtools.mdht.uml.cda.ccd=SVN,trunk,https://www.projects.openhealthtools.org/svn/mdht,,cda/plugins/org.openhealthtools.mdht.uml.cda.ccd,force

plugin@org.openhealthtools.mdht.uml.cda.hitsp=SVN,trunk,https://www.projects.openhealthtools.org/svn/mdht,,cda/plugins/org.openhealthtools.mdht.uml.cda.hitsp,force

plugin@org.openhealthtools.mdht.uml.cda.ihe=SVN,trunk,https://www.projects.openhealthtools.org/svn/mdht,,cda/plugins/org.openhealthtools.mdht.uml.cda.ihe,force


plugin@org.openhealthtools.mdht.uml.cda.ncr=SVN,trunk,https://www.projects.openhealthtools.org/svn/mdht,,cda/plugins/org.openhealthtools.mdht.uml.cda.ncr,force

plugin@org.openhealthtools.mdht.uml.cda.pilot=SVN,trunk,https://www.projects.openhealthtools.org/svn/mdht,,cda/plugins/org.openhealthtools.mdht.uml.cda.pilot,force

plugin@org.openhealthtools.mdht.uml.hl7.datatypes=SVN,trunk,https://www.projects.openhealthtools.org/svn/mdht,,core/plugins/org.openhealthtools.mdht.uml.hl7.datatypes,force

plugin@org.openhealthtools.mdht.uml.hl7.vocab=SVN,trunk,https://www.projects.openhealthtools.org/svn/mdht,,core/plugins/org.openhealthtools.mdht.uml.hl7.vocab,force

plugin@org.openhealthtools.mdht.uml.hl7.rim=SVN,trunk,https://www.projects.openhealthtools.org/svn/mdht,,core/plugins/org.openhealthtools.mdht.uml.hl7.rim,force

plugin@org.openhealthtools.mdht.cda.xml.ui=SVN,trunk,https://www.projects.openhealthtools.org/svn/mdht,,cda/plugins/org.openhealthtools.mdht.cda.xml.ui,force


!***************  MDHT Feature for CDA Runtime for Application Development - Source Code  ********************************************** 
feature@org.openhealthtools.mdht.uml.cda.models.source=SVN,trunk,https://www.projects.openhealthtools.org/svn/mdht,,cda/features/org.openhealthtools.mdht.uml.cda.models.source-feature,force

!***************  MDHT Feature for JUnit Tests - Source Code  ********************************************** 
feature@org.openhealthtools.mdht.test.source=SVN,trunk,https://www.projects.openhealthtools.org/svn/mdht,,cda/features/org.openhealthtools.mdht.test.source-feature,force


!***************  MDHT CDA Feature for Implementation Guide Modeling  
feature@org.openhealthtools.mdht.uml.cda=SVN,trunk,https://www.projects.openhealthtools.org/svn/mdht,,cda/features/org.openhealthtools.mdht.uml.cda-feature,force

plugin@org.openhealthtools.mdht.uml.cda.core=SVN,trunk,https://www.projects.openhealthtools.org/svn/mdht,,cda/plugins/org.openhealthtools.mdht.uml.cda.core,force

plugin@org.openhealthtools.mdht.uml.cda.ant=SVN,trunk,https://www.projects.openhealthtools.org/svn/mdht,,cda/plugins/org.openhealthtools.mdht.uml.cda.ant,force

plugin@org.openhealthtools.mdht.uml.cda.resources=SVN,trunk,https://www.projects.openhealthtools.org/svn/mdht,,cda/plugins/org.openhealthtools.mdht.uml.cda.resources,force

plugin@org.openhealthtools.mdht.uml.cda.transform=SVN,trunk,https://www.projects.openhealthtools.org/svn/mdht,,cda/plugins/org.openhealthtools.mdht.uml.cda.transform,force

plugin@org.openhealthtools.mdht.uml.cda.validation=SVN,trunk,https://www.projects.openhealthtools.org/svn/mdht,,cda/plugins/org.openhealthtools.mdht.uml.cda.validation

plugin@org.openhealthtools.mdht.uml.cda.ui=SVN,trunk,https://www.projects.openhealthtools.org/svn/mdht,,cda/plugins/org.openhealthtools.mdht.uml.cda.ui,force

plugin@org.openhealthtools.mdht.uml.cda.dita=SVN,trunk,https://www.projects.openhealthtools.org/svn/mdht,,cda/plugins/org.openhealthtools.mdht.uml.cda.dita,force

plugin@org.openhealthtools.mdht.uml.term.core=SVN,trunk,https://www.projects.openhealthtools.org/svn/mdht,,core/plugins/org.openhealthtools.mdht.uml.term.core,force

plugin@org.openhealthtools.mdht.uml.term.ui=SVN,trunk,https://www.projects.openhealthtools.org/svn/mdht,,core/plugins/org.openhealthtools.mdht.uml.term.ui,force



!***************  OHT CDA RSM FEATURE  ********************************************** 
feature@org.openhealthtools.mdht.uml.cda.rsm=SVN,trunk,https://www.projects.openhealthtools.org/svn/mdht,,cda/features/org.openhealthtools.mdht.uml.cda.rsm-feature,force

plugin@org.openhealthtools.mdht.uml.cda.ui.rsm=SVN,trunk,https://www.projects.openhealthtools.org/svn/mdht,,cda/plugins/org.openhealthtools.mdht.uml.cda.ui.rsm,force


!***************  OHT CDA PAPYRUS FEATURE  ********************************************** 
feature@org.openhealthtools.mdht.uml.cda.papyrus=SVN,trunk,https://www.projects.openhealthtools.org/svn/mdht,,cda/features/org.openhealthtools.mdht.uml.cda.papyrus-feature,force

plugin@org.openhealthtools.mdht.uml.cda.ui.papyrus=SVN,trunk,https://www.projects.openhealthtools.org/svn/mdht,,cda/plugins/org.openhealthtools.mdht.uml.cda.ui.papyrus,force



!***************  OHT HDF FEATURE  ********************************************** 
feature@org.openhealthtools.mdht.uml.hdf=SVN,trunk,https://www.projects.openhealthtools.org/svn/mdht,,core/features/org.openhealthtools.mdht.uml.hdf-feature,force

plugin@org.openhealthtools.mdht.emf.hl7.mif2=SVN,trunk,https://www.projects.openhealthtools.org/svn/mdht,,core/plugins/org.openhealthtools.mdht.emf.hl7.mif2,force

plugin@org.openhealthtools.mdht.uml-feature=SVN,trunk,https://www.projects.openhealthtools.org/svn/mdht,,core/plugins/org.openhealthtools.mdht.uml-feature,force

plugin@org.openhealthtools.mdht.uml.hdf=SVN,trunk,https://www.projects.openhealthtools.org/svn/mdht,,core/plugins/org.openhealthtools.mdht.uml.hdf,force

plugin@org.openhealthtools.mdht.uml.hdf2ecore=SVN,trunk,https://www.projects.openhealthtools.org/svn/mdht,,core/plugins/org.openhealthtools.mdht.uml.hdf2ecore,force

plugin@org.openhealthtools.mdht.uml.hdf2xsd=SVN,trunk,https://www.projects.openhealthtools.org/svn/mdht,,core/plugins/org.openhealthtools.mdht.uml.hdf2xsd,force

plugin@org.openhealthtools.mdht.uml.hdf.ui=SVN,trunk,https://www.projects.openhealthtools.org/svn/mdht,,core/plugins/org.openhealthtools.mdht.uml.hdf.ui,force

plugin@org.openhealthtools.mdht.uml.hl7.ant=SVN,trunk,https://www.projects.openhealthtools.org/svn/mdht,,core/plugins/org.openhealthtools.mdht.uml.hl7.ant,force

plugin@org.openhealthtools.mdht.uml.hl7.core=SVN,trunk,https://www.projects.openhealthtools.org/svn/mdht,,core/plugins/org.openhealthtools.mdht.uml.hl7.core,force

plugin@org.openhealthtools.mdht.uml.hl7.mif2uml=SVN,trunk,https://www.projects.openhealthtools.org/svn/mdht,,core/plugins/org.openhealthtools.mdht.uml.hl7.mif2uml,force

plugin@org.openhealthtools.mdht.uml.hl7.ui=SVN,trunk,https://www.projects.openhealthtools.org/svn/mdht,,core/plugins/org.openhealthtools.mdht.uml.hl7.ui,force

plugin@org.openhealthtools.mdht.uml.hl7.validation=SVN,trunk,https://www.projects.openhealthtools.org/svn/mdht,,core/plugins/org.openhealthtools.mdht.uml.hl7.validation,force

!***************  OHT HDF RSM FEATURE  ********************************************** 
feature@org.openhealthtools.mdht.uml.rsm=SVN,trunk,https://www.projects.openhealthtools.org/svn/mdht,,core/features/org.openhealthtools.mdht.uml.rsm-feature,force

plugin@org.openhealthtools.mdht.uml.hdf.tooling.rsm=SVN,trunk,https://www.projects.openhealthtools.org/svn/mdht,,core/plugins/org.openhealthtools.mdht.uml.hdf.tooling.rsm,force

plugin@org.openhealthtools.mdht.uml.hdf.ui.rsm=SVN,trunk,https://www.projects.openhealthtools.org/svn/mdht,,core/plugins/org.openhealthtools.mdht.uml.hdf.ui.rsm,force

!***************  OHT HDF PAPYRUS FEATURE  ********************************************** 
feature@org.openhealthtools.mdht.uml.papyrus=SVN,trunk,https://www.projects.openhealthtools.org/svn/mdht,,core/features/org.openhealthtools.mdht.uml.papyrus-feature,force

plugin@org.openhealthtools.mdht.uml.hdf.ui.papyrus=SVN,trunk,https://www.projects.openhealthtools.org/svn/mdht,,core/plugins/org.openhealthtools.mdht.uml.hdf.ui.papyrus,force

!***************  OHT MDHT TEST FEATURE  ********************************************** 
feature@org.openhealthtools.mdht.test=SVN,trunk,https://www.projects.openhealthtools.org/svn/mdht,,core/features/org.openhealthtools.mdht.test-feature,force

fragment@org.openhealthtools.mdht.uml.common.test=SVN,trunk,https://www.projects.openhealthtools.org/svn/mdht,,core/tests/org.openhealthtools.mdht.uml.common.test,force

fragment@org.openhealthtools.mdht.uml.hdf.test=SVN,trunk,https://www.projects.openhealthtools.org/svn/mdht,,core/tests/org.openhealthtools.mdht.uml.hdf.test,force

fragment@org.openhealthtools.mdht.uml.cda.util.test=SVN,trunk,https://www.projects.openhealthtools.org/svn/mdht,,cda/tests/org.openhealthtools.mdht.uml.cda.util.test,force

plugin@org.openhealthtools.mdht.uml.hl7.rim.test=SVN,trunk,https://www.projects.openhealthtools.org/svn/mdht,,core/tests/org.openhealthtools.mdht.uml.hl7.rim.test,force

plugin@org.openhealthtools.mdht.uml.cda.test=SVN,trunk,https://www.projects.openhealthtools.org/svn/mdht,,cda/tests/org.openhealthtools.mdht.uml.cda.test,force

plugin@org.openhealthtools.mdht.uml.cda.ccd.test=SVN,trunk,https://www.projects.openhealthtools.org/svn/mdht,,cda/tests/org.openhealthtools.mdht.uml.cda.ccd.test,force

fragment@org.openhealthtools.mdht.uml.hl7.datatypes.test=SVN,trunk,https://www.projects.openhealthtools.org/svn/mdht,,core/tests/org.openhealthtools.mdht.uml.hl7.datatypes.test,force

fragment@org.openhealthtools.mdht.uml.hl7.vocab.test=SVN,trunk,https://www.projects.openhealthtools.org/svn/mdht,,core/tests/org.openhealthtools.mdht.uml.hl7.vocab.test,force

plugin@org.openhealthtools.mdht.uml.cda.hitsp.test=SVN,trunk,https://www.projects.openhealthtools.org/svn/mdht,,cda/tests/org.openhealthtools.mdht.uml.cda.hitsp.test,force

plugin@org.openhealthtools.mdht.uml.cda.ihe.test=SVN,trunk,https://www.projects.openhealthtools.org/svn/mdht,,cda/tests/org.openhealthtools.mdht.uml.cda.ihe.test,force

plugin@org.openhealthtools.mdht.uml.cda.pilot.test=SVN,trunk,https://www.projects.openhealthtools.org/svn/mdht,,cda/tests/org.openhealthtools.mdht.uml.cda.pilot.test,force

plugin@org.openhealthtools.mdht.uml.cda.ncr.test=SVN,trunk,https://www.projects.openhealthtools.org/svn/mdht,,cda/tests/org.openhealthtools.mdht.uml.cda.ncr.test,force

plugin@org.openhealthtools.mdht.uml.cda.cdt.test=SVN,trunk,https://www.projects.openhealthtools.org/svn/mdht,,cda/tests/org.openhealthtools.mdht.uml.cda.cdt.test,force


