!*******************************************************************************************
! SVN map files format
! <type>@<id>=SVN,<tag>[:revision],<svnRepositoryURL>,<preTagPath>,<postTagPath>
!*******************************************************************************************
!***************  SVN PDE BUILD CONTRIBUTION FOR MDHT  ********************************************** 

!***************  XML Modeling Feature FEATURE  ********************************************** 
feature@net.sourceforge.xmlmodeling.uml.xsd=SVN,trunk,https://xmlmodeling.svn.sourceforge.net/svnroot/xmlmodeling,,features/net.sourceforge.xmlmodeling.uml.xsd-feature

plugin@net.sourceforge.xmlmodeling.uml.xsd.profile=SVN,trunk,https://xmlmodeling.svn.sourceforge.net/svnroot/xmlmodeling,,plugins/net.sourceforge.xmlmodeling.uml.xsd.profile


!***************  OHT UML FEATURE  ********************************************** 
feature@org.openhealthtools.mdht.uml=SVN,trunk,https://mdht.projects.openhealthtools.org/svn/mdht,,core/features/org.openhealthtools.mdht.uml-feature

plugin@org.openhealthtools.mdht.uml.common=SVN,trunk,https://mdht.projects.openhealthtools.org/svn/mdht,,core/plugins/org.openhealthtools.mdht.uml.common

plugin@org.openhealthtools.mdht.uml.common.ui=SVN,trunk,https://mdht.projects.openhealthtools.org/svn/mdht,,core/plugins/org.openhealthtools.mdht.uml.common.ui

plugin@org.openhealthtools.mdht.uml.ui.navigator=SVN,trunk,https://mdht.projects.openhealthtools.org/svn/mdht,,core/plugins/org.openhealthtools.mdht.uml.ui.navigator

plugin@org.openhealthtools.mdht.uml.ui.properties=SVN,trunk,https://mdht.projects.openhealthtools.org/svn/mdht,,core/plugins/org.openhealthtools.mdht.uml.ui.properties

plugin@org.openhealthtools.mdht.uml.ui=SVN,trunk,https://mdht.projects.openhealthtools.org/svn/mdht,,core/plugins/org.openhealthtools.mdht.uml.ui

plugin@org.openhealthtools.mdht.uml.edit=SVN,trunk,https://mdht.projects.openhealthtools.org/svn/mdht,,core/plugins/org.openhealthtools.mdht.uml.edit




!***************  MDHT Feature for CDA Runtime for Application Development  ********************************************** 
feature@org.openhealthtools.mdht.uml.cda.models=SVN,trunk,https://mdht.projects.openhealthtools.org/svn/mdht,,cda/features/org.openhealthtools.mdht.uml.cda.models-feature

plugin@org.openhealthtools.mdht.uml.cda=SVN,trunk,https://mdht.projects.openhealthtools.org/svn/mdht,,cda/plugins/org.openhealthtools.mdht.uml.cda

plugin@org.openhealthtools.mdht.uml.cda.ccd=SVN,trunk,https://mdht.projects.openhealthtools.org/svn/mdht,,cda/plugins/org.openhealthtools.mdht.uml.cda.ccd

plugin@org.openhealthtools.mdht.uml.cda.hitsp=SVN,trunk,https://mdht.projects.openhealthtools.org/svn/mdht,,cda/plugins/org.openhealthtools.mdht.uml.cda.hitsp

plugin@org.openhealthtools.mdht.uml.cda.ihe=SVN,trunk,https://mdht.projects.openhealthtools.org/svn/mdht,,cda/plugins/org.openhealthtools.mdht.uml.cda.ihe

plugin@org.openhealthtools.mdht.uml.cda.ncr=SVN,trunk,https://mdht.projects.openhealthtools.org/svn/mdht,,cda/plugins/org.openhealthtools.mdht.uml.cda.ncr

plugin@org.openhealthtools.mdht.uml.cda.pilot=SVN,trunk,https://mdht.projects.openhealthtools.org/svn/mdht,,cda/plugins/org.openhealthtools.mdht.uml.cda.pilot

plugin@org.openhealthtools.mdht.uml.hl7.datatypes=SVN,trunk,https://mdht.projects.openhealthtools.org/svn/mdht,,core/plugins/org.openhealthtools.mdht.uml.hl7.datatypes

plugin@org.openhealthtools.mdht.uml.hl7.vocab=SVN,trunk,https://mdht.projects.openhealthtools.org/svn/mdht,,core/plugins/org.openhealthtools.mdht.uml.hl7.vocab

plugin@org.openhealthtools.mdht.uml.hl7.rim=SVN,trunk,https://mdht.projects.openhealthtools.org/svn/mdht,,core/plugins/org.openhealthtools.mdht.uml.hl7.rim

plugin@org.openhealthtools.mdht.cda.xml.ui=SVN,trunk,https://mdht.projects.openhealthtools.org/svn/mdht,,cda/plugins/org.openhealthtools.mdht.cda.xml.ui

plugin@org.openhealthtools.mdht.uml.cda.cdt=SVN,trunk,https://mdht.projects.openhealthtools.org/svn/mdht,,cda/plugins/org.openhealthtools.mdht.uml.cda.cdt

!***************  MDHT Feature for CDA Runtime for Application Development - Source Code  ********************************************** 
feature@org.openhealthtools.mdht.uml.cda.models.source=SVN,trunk,https://mdht.projects.openhealthtools.org/svn/mdht,,cda/features/org.openhealthtools.mdht.uml.cda.models.source-feature

!***************  MDHT Feature for JUnit Tests - Source Code  ********************************************** 
feature@org.openhealthtools.mdht.test.source=SVN,trunk,https://mdht.projects.openhealthtools.org/svn/mdht,,cda/features/org.openhealthtools.mdht.test.source-feature


!***************  MDHT CDA Feature for Implementation Guide Modeling  
feature@org.openhealthtools.mdht.uml.cda=SVN,trunk,https://mdht.projects.openhealthtools.org/svn/mdht,,cda/features/org.openhealthtools.mdht.uml.cda-feature

plugin@org.openhealthtools.mdht.uml.cda.core=SVN,trunk,https://mdht.projects.openhealthtools.org/svn/mdht,,cda/plugins/org.openhealthtools.mdht.uml.cda.core

plugin@org.openhealthtools.mdht.uml.cda.ant=SVN,trunk,https://mdht.projects.openhealthtools.org/svn/mdht,,cda/plugins/org.openhealthtools.mdht.uml.cda.ant

plugin@org.openhealthtools.mdht.uml.cda.resources=SVN,trunk,https://mdht.projects.openhealthtools.org/svn/mdht,,cda/plugins/org.openhealthtools.mdht.uml.cda.resources

plugin@org.openhealthtools.mdht.uml.cda.transform=SVN,trunk,https://mdht.projects.openhealthtools.org/svn/mdht,,cda/plugins/org.openhealthtools.mdht.uml.cda.transform

plugin@org.openhealthtools.mdht.uml.cda.ui=SVN,trunk,https://mdht.projects.openhealthtools.org/svn/mdht,,cda/plugins/org.openhealthtools.mdht.uml.cda.ui

plugin@org.openhealthtools.mdht.uml.cda.dita=SVN,trunk,https://mdht.projects.openhealthtools.org/svn/mdht,,cda/plugins/org.openhealthtools.mdht.uml.cda.dita

plugin@org.openhealthtools.mdht.uml.term.core=SVN,trunk,https://mdht.projects.openhealthtools.org/svn/mdht,,core/plugins/org.openhealthtools.mdht.uml.term.core

plugin@org.openhealthtools.mdht.uml.term.ui=SVN,trunk,https://mdht.projects.openhealthtools.org/svn/mdht,,core/plugins/org.openhealthtools.mdht.uml.term.ui

!***************  OHT CDA RSM FEATURE  ********************************************** 
feature@org.openhealthtools.mdht.uml.cda.rsm=SVN,trunk,https://mdht.projects.openhealthtools.org/svn/mdht,,cda/features/org.openhealthtools.mdht.uml.cda.rsm-feature

plugin@org.openhealthtools.mdht.uml.cda.ui.rsm=SVN,trunk,https://mdht.projects.openhealthtools.org/svn/mdht,,cda/plugins/org.openhealthtools.mdht.uml.cda.ui.rsm


!***************  OHT CDA PAPYRUS FEATURE  ********************************************** 
feature@org.openhealthtools.mdht.uml.cda.papyrus=SVN,trunk,https://mdht.projects.openhealthtools.org/svn/mdht,,cda/features/org.openhealthtools.mdht.uml.cda.papyrus-feature

plugin@org.openhealthtools.mdht.uml.cda.ui.papyrus=SVN,trunk,https://mdht.projects.openhealthtools.org/svn/mdht,,cda/plugins/org.openhealthtools.mdht.uml.cda.ui.papyrus



!***************  OHT HDF FEATURE  ********************************************** 
feature@org.openhealthtools.mdht.uml.hdf=SVN,trunk,https://mdht.projects.openhealthtools.org/svn/mdht,,core/features/org.openhealthtools.mdht.uml.hdf-feature

plugin@org.openhealthtools.mdht.emf.hl7.mif2=SVN,trunk,https://mdht.projects.openhealthtools.org/svn/mdht,,core/plugins/org.openhealthtools.mdht.emf.hl7.mif2

plugin@org.openhealthtools.mdht.uml-feature=SVN,trunk,https://mdht.projects.openhealthtools.org/svn/mdht,,core/plugins/org.openhealthtools.mdht.uml-feature

plugin@org.openhealthtools.mdht.uml.hdf=SVN,trunk,https://mdht.projects.openhealthtools.org/svn/mdht,,core/plugins/org.openhealthtools.mdht.uml.hdf

plugin@org.openhealthtools.mdht.uml.hdf2ecore=SVN,trunk,https://mdht.projects.openhealthtools.org/svn/mdht,,core/plugins/org.openhealthtools.mdht.uml.hdf2ecore

plugin@org.openhealthtools.mdht.uml.hdf2xsd=SVN,trunk,https://mdht.projects.openhealthtools.org/svn/mdht,,core/plugins/org.openhealthtools.mdht.uml.hdf2xsd

plugin@org.openhealthtools.mdht.uml.hdf.ui=SVN,trunk,https://mdht.projects.openhealthtools.org/svn/mdht,,core/plugins/org.openhealthtools.mdht.uml.hdf.ui

plugin@org.openhealthtools.mdht.uml.hl7.ant=SVN,trunk,https://mdht.projects.openhealthtools.org/svn/mdht,,core/plugins/org.openhealthtools.mdht.uml.hl7.ant

plugin@org.openhealthtools.mdht.uml.hl7.core=SVN,trunk,https://mdht.projects.openhealthtools.org/svn/mdht,,core/plugins/org.openhealthtools.mdht.uml.hl7.core

plugin@org.openhealthtools.mdht.uml.hl7.mif2uml=SVN,trunk,https://mdht.projects.openhealthtools.org/svn/mdht,,core/plugins/org.openhealthtools.mdht.uml.hl7.mif2uml

plugin@org.openhealthtools.mdht.uml.hl7.ui=SVN,trunk,https://mdht.projects.openhealthtools.org/svn/mdht,,core/plugins/org.openhealthtools.mdht.uml.hl7.ui

plugin@org.openhealthtools.mdht.uml.hl7.validation=SVN,trunk,https://mdht.projects.openhealthtools.org/svn/mdht,,core/plugins/org.openhealthtools.mdht.uml.hl7.validation

!***************  OHT HDF RSM FEATURE  ********************************************** 
feature@org.openhealthtools.mdht.uml.rsm=SVN,trunk,https://mdht.projects.openhealthtools.org/svn/mdht,,core/features/org.openhealthtools.mdht.uml.rsm-feature

plugin@org.openhealthtools.mdht.uml.hdf.tooling.rsm=SVN,trunk,https://mdht.projects.openhealthtools.org/svn/mdht,,core/plugins/org.openhealthtools.mdht.uml.hdf.tooling.rsm

plugin@org.openhealthtools.mdht.uml.hdf.ui.rsm=SVN,trunk,https://mdht.projects.openhealthtools.org/svn/mdht,,core/plugins/org.openhealthtools.mdht.uml.hdf.ui.rsm

!***************  OHT HDF PAPYRUS FEATURE  ********************************************** 
feature@org.openhealthtools.mdht.uml.papyrus=SVN,trunk,https://mdht.projects.openhealthtools.org/svn/mdht,,core/features/org.openhealthtools.mdht.uml.papyrus-feature

plugin@org.openhealthtools.mdht.uml.hdf.ui.papyrus=SVN,trunk,https://mdht.projects.openhealthtools.org/svn/mdht,,core/plugins/org.openhealthtools.mdht.uml.hdf.ui.papyrus

!***************  OHT MDHT TEST FEATURE  ********************************************** 
feature@org.openhealthtools.mdht.test=SVN,trunk,https://mdht.projects.openhealthtools.org/svn/mdht,,core/features/org.openhealthtools.mdht.test-feature

fragment@org.openhealthtools.mdht.uml.common.test=SVN,trunk,https://mdht.projects.openhealthtools.org/svn/mdht,,core/tests/org.openhealthtools.mdht.uml.common.test

fragment@org.openhealthtools.mdht.uml.hdf.test=SVN,trunk,https://mdht.projects.openhealthtools.org/svn/mdht,,core/tests/org.openhealthtools.mdht.uml.hdf.test

fragment@org.openhealthtools.mdht.uml.cda.util.test=SVN,trunk,https://mdht.projects.openhealthtools.org/svn/mdht,,cda/tests/org.openhealthtools.mdht.uml.cda.util.test

plugin@org.openhealthtools.mdht.uml.hl7.rim.test=SVN,trunk,https://mdht.projects.openhealthtools.org/svn/mdht,,core/tests/org.openhealthtools.mdht.uml.hl7.rim.test

plugin@org.openhealthtools.mdht.uml.cda.test=SVN,trunk,https://mdht.projects.openhealthtools.org/svn/mdht,,cda/tests/org.openhealthtools.mdht.uml.cda.test

plugin@org.openhealthtools.mdht.uml.cda.ccd.test=SVN,trunk,https://mdht.projects.openhealthtools.org/svn/mdht,,cda/tests/org.openhealthtools.mdht.uml.cda.ccd.test

fragment@org.openhealthtools.mdht.uml.hl7.datatypes.test=SVN,trunk,https://mdht.projects.openhealthtools.org/svn/mdht,,core/tests/org.openhealthtools.mdht.uml.hl7.datatypes.test

fragment@org.openhealthtools.mdht.uml.hl7.vocab.test=SVN,trunk,https://mdht.projects.openhealthtools.org/svn/mdht,,core/tests/org.openhealthtools.mdht.uml.hl7.vocab.test

plugin@org.openhealthtools.mdht.uml.cda.hitsp.test=SVN,trunk,https://mdht.projects.openhealthtools.org/svn/mdht,,cda/tests/org.openhealthtools.mdht.uml.cda.hitsp.test

plugin@org.openhealthtools.mdht.uml.cda.ihe.test=SVN,trunk,https://mdht.projects.openhealthtools.org/svn/mdht,,cda/tests/org.openhealthtools.mdht.uml.cda.ihe.test

plugin@org.openhealthtools.mdht.uml.cda.pilot.test=SVN,trunk,https://mdht.projects.openhealthtools.org/svn/mdht,,cda/tests/org.openhealthtools.mdht.uml.cda.pilot.test

plugin@org.openhealthtools.mdht.uml.cda.ncr.test=SVN,trunk,https://mdht.projects.openhealthtools.org/svn/mdht,,cda/tests/org.openhealthtools.mdht.uml.cda.ncr.test

plugin@org.openhealthtools.mdht.uml.cda.cdt.test=SVN,trunk,https://mdht.projects.openhealthtools.org/svn/mdht,,cda/tests/org.openhealthtools.mdht.uml.cda.cdt.test


